
 ⛅️ wrangler 4.146.0
────────────────────
Resource location: local 

Use --remote if you want to access the remote instance.

🌀 Executing on local database finisher-db (08d1d7e0-e1aa-41ff-99cb-c03c59fc85bb) from ../../../../../private/tmp/hardening-seeded-d1/v3/d1:
🌀 To execute on your remote database, add a --remote flag to your wrangler command.
🚣 44 commands executed successfully.
[
  {
    "results": [],
    "success": true,
    "meta": {
      "duration": 0
    }
  },
  {
    "results": [],
    "success": true,
    "meta": {
      "duration": 0
    }
  },
  {
    "results": [],
    "success": true,
    "meta": {
      "duration": 0
    }
  },
  {
    "results": [],
    "success": true,
    "meta": {
      "duration": 0
    }
  },
  {
    "results": [],
    "success": true,
    "meta": {
      "duration": 0
    }
  },
  {
    "results": [],
    "success": true,
    "meta": {
      "duration": 0
    }
  },
  {
    "results": [],
    "success": true,
    "meta": {
      "duration": 0
    }
  },
  {
    "results": [],
    "success": true,
    "meta": {
      "duration": 0
    }
  },
  {
    "results": [],
    "success": true,
    "meta": {
      "duration": 0
    }
  },
  {
    "results": [],
    "success": true,
    "meta": {
      "duration": 0
    }
  },
  {
    "results": [],
    "success": true,
    "meta": {
      "duration": 0
    }
  },
  {
    "results": [],
    "success": true,
    "meta": {
      "duration": 0
    }
  },
  {
    "results": [],
    "success": true,
    "meta": {
      "duration": 0
    }
  },
  {
    "results": [],
    "success": true,
    "meta": {
      "duration": 0
    }
  },
  {
    "results": [],
    "success": true,
    "meta": {
      "duration": 0
    }
  },
  {
    "results": [],
    "success": true,
    "meta": {
      "duration": 0
    }
  },
  {
    "results": [],
    "success": true,
    "meta": {
      "duration": 0
    }
  },
  {
    "results": [],
    "success": true,
    "meta": {
      "duration": 0
    }
  },
  {
    "results": [],
    "success": true,
    "meta": {
      "duration": 0
    }
  },
  {
    "results": [],
    "success": true,
    "meta": {
      "duration": 0
    }
  },
  {
    "results": [],
    "success": true,
    "meta": {
      "duration": 0
    }
  },
  {
    "results": [],
    "success": true,
    "meta": {
      "duration": 0
    }
  },
  {
    "results": [],
    "success": true,
    "meta": {
      "duration": 0
    }
  },
  {
    "results": [],
    "success": true,
    "meta": {
      "duration": 0
    }
  },
  {
    "results": [],
    "success": true,
    "meta": {
      "duration": 0
    }
  },
  {
    "results": [],
    "success": true,
    "meta": {
      "duration": 0
    }
  },
  {
    "results": [],
    "success": true,
    "meta": {
      "duration": 0
    }
  },
  {
    "results": [],
    "success": true,
    "meta": {
      "duration": 0
    }
  },
  {
    "results": [],
    "success": true,
    "meta": {
      "duration": 0
    }
  },
  {
    "results": [],
    "success": true,
    "meta": {
      "duration": 0
    }
  },
  {
    "results": [],
    "success": true,
    "meta": {
      "duration": 0
    }
  },
  {
    "results": [],
    "success": true,
    "meta": {
      "duration": 0
    }
  },
  {
    "results": [],
    "success": true,
    "meta": {
      "duration": 0
    }
  },
  {
    "results": [],
    "success": true,
    "meta": {
      "duration": 0
    }
  },
  {
    "results": [],
    "success": true,
    "meta": {
      "duration": 0
    }
  },
  {
    "results": [],
    "success": true,
    "meta": {
      "duration": 0
    }
  },
  {
    "results": [],
    "success": true,
    "meta": {
      "duration": 0
    }
  },
  {
    "results": [],
    "success": true,
    "meta": {
      "duration": 0
    }
  },
  {
    "results": [],
    "success": true,
    "meta": {
      "duration": 0
    }
  },
  {
    "results": [],
    "success": true,
    "meta": {
      "duration": 0
    }
  },
  {
    "results": [],
    "success": true,
    "meta": {
      "duration": 0
    }
  },
  {
    "results": [],
    "success": true,
    "meta": {
      "duration": 0
    }
  },
  {
    "results": [],
    "success": true,
    "meta": {
      "duration": 0
    }
  },
  {
    "results": [],
    "success": true,
    "meta": {
      "duration": 0
    }
  }
]
