> wrangler d1 migrations apply finisher-db --local
 ⛅️ wrangler 4.141.0 (update available 4.146.0)
───────────────────────────────────────────────
Resource location: local 
Use --remote if you want to access the remote instance.
Migrations to be applied:
┌────────────────────────────┐
│ name                       │
├────────────────────────────┤
│ 0001_auth.sql              │
├────────────────────────────┤
│ 0002_native_auth_codes.sql │
├────────────────────────────┤
│ 0003_core_schema.sql       │
├────────────────────────────┤
│ 0004_auth_hardening.sql    │
├────────────────────────────┤
│ 0005_rate_limits.sql       │
└────────────────────────────┘
? About to apply 5 migration(s)
Your database may not be available to serve requests during the migration, continue?
🤖 Using fallback value in non-interactive context: yes
🌀 Executing on local database finisher-db (08d1d7e0-e1aa-41ff-99cb-c03c59fc85bb) from .wrangler/state/v3/d1:
🌀 To execute on your remote database, add a --remote flag to your wrangler command.
🚣 6 commands executed successfully.
┌────────────────────────────┬────────┐
│ name                       │ status │
├────────────────────────────┼────────┤
│ 0001_auth.sql              │ ✅     │
├────────────────────────────┼────────┤
│ 0002_native_auth_codes.sql │ 🕒️    │
├────────────────────────────┼────────┤
│ 0003_core_schema.sql       │ 🕒️    │
├────────────────────────────┼────────┤
│ 0004_auth_hardening.sql    │ 🕒️    │
├────────────────────────────┼────────┤
│ 0005_rate_limits.sql       │ 🕒️    │
└────────────────────────────┴────────┘
🌀 Executing on local database finisher-db (08d1d7e0-e1aa-41ff-99cb-c03c59fc85bb) from .wrangler/state/v3/d1:
🌀 To execute on your remote database, add a --remote flag to your wrangler command.
🚣 2 commands executed successfully.
┌────────────────────────────┬────────┐
│ name                       │ status │
├────────────────────────────┼────────┤
│ 0001_auth.sql              │ ✅     │
├────────────────────────────┼────────┤
│ 0002_native_auth_codes.sql │ ✅     │
├────────────────────────────┼────────┤
│ 0003_core_schema.sql       │ 🕒️    │
├────────────────────────────┼────────┤
│ 0004_auth_hardening.sql    │ 🕒️    │
├────────────────────────────┼────────┤
│ 0005_rate_limits.sql       │ 🕒️    │
└────────────────────────────┴────────┘
🌀 Executing on local database finisher-db (08d1d7e0-e1aa-41ff-99cb-c03c59fc85bb) from .wrangler/state/v3/d1:
🌀 To execute on your remote database, add a --remote flag to your wrangler command.
🚣 11 commands executed successfully.
┌────────────────────────────┬────────┐
│ name                       │ status │
├────────────────────────────┼────────┤
│ 0001_auth.sql              │ ✅     │
├────────────────────────────┼────────┤
│ 0002_native_auth_codes.sql │ ✅     │
├────────────────────────────┼────────┤
│ 0003_core_schema.sql       │ ✅     │
├────────────────────────────┼────────┤
│ 0004_auth_hardening.sql    │ 🕒️    │
├────────────────────────────┼────────┤
│ 0005_rate_limits.sql       │ 🕒️    │
└────────────────────────────┴────────┘
🌀 Executing on local database finisher-db (08d1d7e0-e1aa-41ff-99cb-c03c59fc85bb) from .wrangler/state/v3/d1:
🌀 To execute on your remote database, add a --remote flag to your wrangler command.
🚣 15 commands executed successfully.
┌────────────────────────────┬────────┐
│ name                       │ status │
├────────────────────────────┼────────┤
│ 0001_auth.sql              │ ✅     │
├────────────────────────────┼────────┤
│ 0002_native_auth_codes.sql │ ✅     │
├────────────────────────────┼────────┤
│ 0003_core_schema.sql       │ ✅     │
├────────────────────────────┼────────┤
│ 0004_auth_hardening.sql    │ ✅     │
├────────────────────────────┼────────┤
│ 0005_rate_limits.sql       │ 🕒️    │
└────────────────────────────┴────────┘
🌀 Executing on local database finisher-db (08d1d7e0-e1aa-41ff-99cb-c03c59fc85bb) from .wrangler/state/v3/d1:
🌀 To execute on your remote database, add a --remote flag to your wrangler command.
🚣 3 commands executed successfully.
┌────────────────────────────┬────────┐
│ name                       │ status │
├────────────────────────────┼────────┤
│ 0001_auth.sql              │ ✅     │
├────────────────────────────┼────────┤
│ 0002_native_auth_codes.sql │ ✅     │
├────────────────────────────┼────────┤
│ 0003_core_schema.sql       │ ✅     │
├────────────────────────────┼────────┤
│ 0004_auth_hardening.sql    │ ✅     │
├────────────────────────────┼────────┤
│ 0005_rate_limits.sql       │ ✅     │
└────────────────────────────┴────────┘
