> next build
▲ Next.js 16.3.6 (Turbopack)
- Environments: .env.local
✓ Running next.config.ts took 3.0s
  Creating an optimized production build ...
✓ Compiled successfully in 4.4s
  Running TypeScript ...
src/app/api/coach-ai/route.test.ts(193,87): error TS2322: Type '{ Origin: string; "Content-Type"?: undefined; } | { "Content-Type": string; Origin?: undefined; }' is not assignable to type 'HeadersInit | undefined'.
  Type '{ Origin: string; "Content-Type"?: undefined; }' is not assignable to type 'HeadersInit | undefined'.
    Type '{ Origin: string; "Content-Type"?: undefined; }' is not assignable to type 'Record<string, string>'.
      Property '"Content-Type"' is incompatible with index signature.
        Type 'undefined' is not assignable to type 'string'.
src/app/api/me/account/route.test.ts(20,86): error TS2322: Type '{ Origin: string; "Content-Type"?: undefined; } | { "Content-Type": string; Origin?: undefined; }' is not assignable to type 'HeadersInit | undefined'.
  Type '{ Origin: string; "Content-Type"?: undefined; }' is not assignable to type 'HeadersInit | undefined'.
    Type '{ Origin: string; "Content-Type"?: undefined; }' is not assignable to type 'Record<string, string>'.
      Property '"Content-Type"' is incompatible with index signature.
        Type 'undefined' is not assignable to type 'string'.
src/lib/auth/adapter.test.ts(11,30): error TS2345: Argument of type '{ userId: string; type: "oauth"; provider: string; providerAccountId: string; access_token: string; refresh_token: string; id_token: string; session_state: string; oauth_token: string; oauth_token_secret: string; expires_at: number; token_type: string; scope: string; }' is not assignable to parameter of type 'AdapterAccount'.
  Types of property 'token_type' are incompatible.
    Type 'string' is not assignable to type 'Lowercase<string>'.
Failed to type check.
