$ npm audit --omit=dev --audit-level=high
# npm audit report

braces  *
Severity: high
braces vulnerable to stack-exhaustion denial of service through deeply nested patterns - https://github.com/advisories/GHSA-vfj7-8cjw-p6xm
fix available via `npm audit fix --force`
Will install shadcn@1.0.0, which is a breaking change
node_modules/braces
  micromatch  >=0.2.0
  Depends on vulnerable versions of braces
  node_modules/micromatch
    fast-glob  *
    Depends on vulnerable versions of micromatch
    node_modules/@ts-morph/common/node_modules/fast-glob
    node_modules/shadcn/node_modules/fast-glob
      @ts-morph/common  0.2.0 - 0.24.0 || 0.26.0 - 0.27.0
      Depends on vulnerable versions of fast-glob
      node_modules/@ts-morph/common
        ts-morph  6.0.1 - 23.0.0 || 25.0.0 - 26.0.0
        Depends on vulnerable versions of @ts-morph/common
        node_modules/ts-morph
      shadcn  <=0.0.0-beta-20261001093212 || >=2.0.0
      Depends on vulnerable versions of fast-glob
      Depends on vulnerable versions of ts-morph
      node_modules/shadcn

6 high severity vulnerabilities

To address issues that do not require attention, run:
  npm audit fix

To address all issues (including breaking changes), run:
  npm audit fix --force

EXIT 1
