$ npm run build

> finisher@0.1.0 build
> next build

▲ Next.js 16.3.6 (Turbopack)
- Environments: .env.local
✓ Running next.config.ts took 39ms

  Creating an optimized production build ...
✓ Compiled successfully in 7.0s
  Running TypeScript ...
  Finished TypeScript in 3.3s ...
  Collecting page data using 9 workers ...
  Generating static pages using 9 workers (0/21) ...
  Generating static pages using 9 workers (5/21) 
  Generating static pages using 9 workers (10/21) 
  Generating static pages using 9 workers (15/21) 
✓ Generating static pages using 9 workers (21/21) in 491ms
  Finalizing page optimization ...

Route (app)
┌ ○ /
├ ○ /_not-found
├ ƒ /api/auth/[...nextauth]
├ ƒ /api/coach-ai
├ ƒ /api/me/account
├ ƒ /api/me/plan
├ ƒ /api/me/plan/sessions/[id]
├ ƒ /api/me/profile
├ ƒ /api/me/threads
├ ƒ /api/me/threads/[id]/messages
├ ƒ /api/native-auth/exchange
├ ƒ /api/native-auth/session
├ ƒ /auth/native-complete
├ ○ /coach-ai
├ ○ /dashboard
├ ○ /onboarding
├ ○ /people
├ ○ /people/coaches
├ ● /people/coaches/[id]
├ ○ /people/coaches/join
├ ○ /plan
├ ○ /profile
├ ● /session/[id]
└ ○ /sign-in


ƒ Proxy (Middleware)

○  (Static)   prerendered as static content
●  (SSG)      prerendered as static HTML (uses generateStaticParams)
ƒ  (Dynamic)  server-rendered on demand


EXIT 0
