
> finisher@0.1.0 build
> next build

▲ Next.js 16.3.6 (Turbopack)
- Environments: .env.local
✓ Running next.config.ts took 85ms

  Creating an optimized production build ...
✓ Compiled successfully in 1493ms
  Running TypeScript ...
  Finished TypeScript in 15.3s ...
  Collecting page data using 9 workers ...
  Generating static pages using 9 workers (0/13) ...
  Generating static pages using 9 workers (3/13)
  Generating static pages using 9 workers (6/13)
  Generating static pages using 9 workers (9/13)
✓ Generating static pages using 9 workers (13/13) in 186ms
  Finalizing page optimization ...

Route (app)
┌ ○ /
├ ○ /_not-found
├ ƒ /api/auth/[...nextauth]
├ ○ /coach-ai
├ ○ /dashboard
├ ○ /onboarding
├ ○ /people
├ ○ /people/coaches
├ ● /people/coaches/[id]
├ ○ /people/coaches/join
├ ○ /plan
├ ○ /profile
├ ● /session/[id]
└ ○ /sign-in


ƒ Proxy (Middleware)

○  (Static)   prerendered as static content
●  (SSG)      prerendered as static HTML (uses generateStaticParams)
ƒ  (Dynamic)  server-rendered on demand
