
> finisher@0.1.0 build
> next build

▲ Next.js 16.3.6 (Turbopack)
- Environments: .env.local
✓ Running next.config.ts took 56ms

  Creating an optimized production build ...
✓ Compiled successfully in 670ms
  Running TypeScript ...
  Finished TypeScript in 1567ms ...
  Collecting page data using 9 workers ...
  Generating static pages using 9 workers (0/9) ...
  Generating static pages using 9 workers (2/9)
  Generating static pages using 9 workers (4/9)
  Generating static pages using 9 workers (6/9)
✓ Generating static pages using 9 workers (9/9) in 150ms
  Finalizing page optimization ...

Route (app)
┌ ○ /
├ ○ /_not-found
├ ƒ /api/auth/[...nextauth]
├ ○ /dashboard
├ ○ /onboarding
├ ○ /plan
├ ○ /profile
├ ● /session/[id]
└ ○ /sign-in


ƒ Proxy (Middleware)

○  (Static)   prerendered as static content
●  (SSG)      prerendered as static HTML (uses generateStaticParams)
ƒ  (Dynamic)  server-rendered on demand
