> next build
▲ Next.js 16.3.6 (Turbopack)
- Environments: .env.local
✓ Running next.config.ts took 49ms
  Creating an optimized production build ...
✓ Compiled successfully in 658ms
  Running TypeScript ...
  Finished TypeScript in 1709ms ...
  Collecting page data using 9 workers ...
  Generating static pages using 9 workers (0/9) ...
  Generating static pages using 9 workers (2/9)
  Generating static pages using 9 workers (4/9)
  Generating static pages using 9 workers (6/9)
✓ Generating static pages using 9 workers (9/9) in 131ms
  Finalizing page optimization ...
Route (app)
┌ ○ /
├ ○ /_not-found
├ ƒ /api/auth/[...nextauth]
├ ○ /dashboard
├ ○ /onboarding
├ ○ /plan
├ ○ /profile
├ ● /session/[id]
└ ○ /sign-in
ƒ Proxy (Middleware)
○  (Static)   prerendered as static content
●  (SSG)      prerendered as static HTML (uses generateStaticParams)
ƒ  (Dynamic)  server-rendered on demand
