
> finisher@0.1.0 build
> next build

▲ Next.js 16.1.6 (Turbopack)
- Environments: .env.local

  Creating an optimized production build ...
✓ Compiled successfully in 2.0s
  Running TypeScript ...
  Collecting page data using 9 workers ...
  Generating static pages using 9 workers (0/10) ...
  Generating static pages using 9 workers (2/10)
  Generating static pages using 9 workers (4/10)
  Generating static pages using 9 workers (7/10)
✓ Generating static pages using 9 workers (10/10) in 176.8ms
  Finalizing page optimization ...

Route (app)
┌ ○ /
├ ○ /_not-found
├ ƒ /api/auth/[...nextauth]
├ ƒ /api/waitlist
├ ○ /dashboard
├ ○ /onboarding
├ ○ /plan
├ ○ /profile
├ ● /session/[id]
└ ○ /sign-in


ƒ Proxy (Middleware)

○  (Static)   prerendered as static content
●  (SSG)      prerendered as static HTML (uses generateStaticParams)
ƒ  (Dynamic)  server-rendered on demand
