
 ⛅️ wrangler 4.136.2
────────────────────
Resource location: local

Use --remote if you want to access the remote instance.

Migrations to be applied:
┌───────────────┐
│ name          │
├───────────────┤
│ 0001_auth.sql │
└───────────────┘
? About to apply 1 migration(s)
Your database may not be available to serve requests during the migration, continue?
🤖 Using fallback value in non-interactive context: yes
🌀 Executing on local database finisher-db (<REPLACE_WITH_ID_FROM_wrangler_d1_create>) from .wrangler/state/v3/d1:
🌀 To execute on your remote database, add a --remote flag to your wrangler command.
🚣 6 commands executed successfully.
┌───────────────┬────────┐
│ name          │ status │
├───────────────┼────────┤
│ 0001_auth.sql │ ✅     │
└───────────────┴────────┘
