> finisher@0.1.0 build
> next build

▲ Next.js 16.1.6 (Turbopack)

  Creating an optimized production build ...
✓ Compiled successfully in 1399.6ms
  Running TypeScript ...
  Collecting page data using 9 workers ...
  Generating static pages using 9 workers (0/9) ...
  Generating static pages using 9 workers (2/9)
  Generating static pages using 9 workers (4/9)
  Generating static pages using 9 workers (6/9)
✓ Generating static pages using 9 workers (9/9) in 95.2ms
  Finalizing page optimization ...

Route (app)
┌ ○ /
├ ○ /_not-found
├ ƒ /api/waitlist
├ ○ /dashboard
├ ○ /onboarding
├ ○ /plan
├ ○ /profile
└ ● /session/[id]


○  (Static)   prerendered as static content
●  (SSG)      prerendered as static HTML (uses generateStaticParams)
ƒ  (Dynamic)  server-rendered on demand
