$ node node_modules/wrangler/bin/wrangler.js d1 execute finisher-db --local --command "SELECT name FROM sqlite_master WHERE type='table'"

 ⛅️ wrangler 4.146.0
────────────────────
Resource location: local 

Use --remote if you want to access the remote instance.

🌀 Executing on local database finisher-db (08d1d7e0-e1aa-41ff-99cb-c03c59fc85bb) from .wrangler/state/v3/d1:
🌀 To execute on your remote database, add a --remote flag to your wrangler command.
🚣 1 command executed successfully.
[
  {
    "results": [
      {
        "name": "d1_migrations"
      },
      {
        "name": "sqlite_sequence"
      },
      {
        "name": "_cf_METADATA"
      },
      {
        "name": "users"
      },
      {
        "name": "verification_tokens"
      },
      {
        "name": "athlete_profiles"
      },
      {
        "name": "training_plans"
      },
      {
        "name": "plan_sessions"
      },
      {
        "name": "coach_threads"
      },
      {
        "name": "coach_messages"
      },
      {
        "name": "accounts"
      },
      {
        "name": "sessions"
      },
      {
        "name": "native_auth_codes"
      },
      {
        "name": "rate_limits"
      }
    ],
    "success": true,
    "meta": {
      "duration": 0
    }
  }
]

EXIT 0
