
> finisher@0.1.0 build
> next build

▲ Next.js 16.3.6 (Turbopack)
- Environments: .env.local
✓ Running next.config.ts took 52ms

  Creating an optimized production build ...
✓ Compiled successfully in 698ms
  Running TypeScript ...
  Finished TypeScript in 1975ms ...
  Collecting page data using 9 workers ...
  Generating static pages using 9 workers (0/17) ...
  Generating static pages using 9 workers (4/17) 
  Generating static pages using 9 workers (8/17) 
  Generating static pages using 9 workers (12/17) 
✓ Generating static pages using 9 workers (17/17) in 397ms
  Finalizing page optimization ...

Route (app)
┌ ○ /
├ ○ /_not-found
├ ƒ /api/auth/[...nextauth]
├ ƒ /api/coach-ai
├ ƒ /api/native-auth/exchange
├ ƒ /api/native-auth/session
├ ƒ /auth/native-complete
├ ○ /coach-ai
├ ○ /dashboard
├ ○ /onboarding
├ ○ /people
├ ○ /people/coaches
├ ● /people/coaches/[id]
├ ○ /people/coaches/join
├ ○ /plan
├ ○ /profile
├ ● /session/[id]
└ ○ /sign-in


ƒ Proxy (Middleware)

○  (Static)   prerendered as static content
●  (SSG)      prerendered as static HTML (uses generateStaticParams)
ƒ  (Dynamic)  server-rendered on demand

